<?xml version="1.0" encoding="UTF-8" ?>
<testsuites name="vitest tests" tests="28" failures="28" errors="0" time="0.023558169">
    <testsuite name="src/app/shared/components/checkbox/checkbox-checkmark/checkbox-checkmark.component.spec.ts" timestamp="2026-01-08T20:06:11.480Z" hostname="jay-MS-7971" tests="28" failures="28" errors="0" skipped="0" time="0.023558169">
        <testcase classname="src/app/shared/components/checkbox/checkbox-checkmark/checkbox-checkmark.component.spec.ts" name="CheckboxCheckmarkComponent &gt; Component Creation &gt; should create" time="0.007379374">
            <failure message="Cannot read properties of null (reading &apos;ngModule&apos;)" type="TypeError">
TypeError: Cannot read properties of null (reading &apos;ngModule&apos;)
 ❯ isModuleWithProviders node_modules/@angular/core/fesm2022/_debug_node-chunk.mjs:7242:16
 ❯ expandModuleWithProviders node_modules/@angular/core/fesm2022/_debug_node-chunk.mjs:17743:7
 ❯ Function.get node_modules/@angular/core/fesm2022/_debug_node-chunk.mjs:17458:84
 ❯ getNgModuleDef node_modules/@angular/core/fesm2022/_untracked-chunk.mjs:471:14
 ❯ getNgModuleDefOrThrow node_modules/@angular/core/fesm2022/_untracked-chunk.mjs:474:23
 ❯ verifySemanticsOfNgModuleDef node_modules/@angular/core/fesm2022/_debug_node-chunk.mjs:17531:19
 ❯ Function.get node_modules/@angular/core/fesm2022/_debug_node-chunk.mjs:17495:22
 ❯ TestBedCompiler.applyProviderOverridesInScope node_modules/@angular/core/fesm2022/testing.mjs:825:29
 ❯ TestBedCompiler.compileTestModule node_modules/@angular/core/fesm2022/testing.mjs:1065:10
            </failure>
        </testcase>
        <testcase classname="src/app/shared/components/checkbox/checkbox-checkmark/checkbox-checkmark.component.spec.ts" name="CheckboxCheckmarkComponent &gt; Component Creation &gt; should be standalone" time="0.000757605">
            <failure message="Cannot read properties of null (reading &apos;ngModule&apos;)" type="TypeError">
TypeError: Cannot read properties of null (reading &apos;ngModule&apos;)
 ❯ isModuleWithProviders node_modules/@angular/core/fesm2022/_debug_node-chunk.mjs:7242:16
 ❯ expandModuleWithProviders node_modules/@angular/core/fesm2022/_debug_node-chunk.mjs:17743:7
 ❯ Function.get node_modules/@angular/core/fesm2022/_debug_node-chunk.mjs:17458:84
 ❯ getNgModuleDef node_modules/@angular/core/fesm2022/_untracked-chunk.mjs:471:14
 ❯ getNgModuleDefOrThrow node_modules/@angular/core/fesm2022/_untracked-chunk.mjs:474:23
 ❯ verifySemanticsOfNgModuleDef node_modules/@angular/core/fesm2022/_debug_node-chunk.mjs:17531:19
 ❯ Function.get node_modules/@angular/core/fesm2022/_debug_node-chunk.mjs:17495:22
 ❯ TestBedCompiler.applyProviderOverridesInScope node_modules/@angular/core/fesm2022/testing.mjs:825:29
 ❯ TestBedCompiler.compileTestModule node_modules/@angular/core/fesm2022/testing.mjs:1065:10
            </failure>
        </testcase>
        <testcase classname="src/app/shared/components/checkbox/checkbox-checkmark/checkbox-checkmark.component.spec.ts" name="CheckboxCheckmarkComponent &gt; Component Creation &gt; should use OnPush change detection" time="0.000405073">
            <failure message="Cannot read properties of null (reading &apos;ngModule&apos;)" type="TypeError">
TypeError: Cannot read properties of null (reading &apos;ngModule&apos;)
 ❯ isModuleWithProviders node_modules/@angular/core/fesm2022/_debug_node-chunk.mjs:7242:16
 ❯ expandModuleWithProviders node_modules/@angular/core/fesm2022/_debug_node-chunk.mjs:17743:7
 ❯ Function.get node_modules/@angular/core/fesm2022/_debug_node-chunk.mjs:17458:84
 ❯ getNgModuleDef node_modules/@angular/core/fesm2022/_untracked-chunk.mjs:471:14
 ❯ getNgModuleDefOrThrow node_modules/@angular/core/fesm2022/_untracked-chunk.mjs:474:23
 ❯ verifySemanticsOfNgModuleDef node_modules/@angular/core/fesm2022/_debug_node-chunk.mjs:17531:19
 ❯ Function.get node_modules/@angular/core/fesm2022/_debug_node-chunk.mjs:17495:22
 ❯ TestBedCompiler.applyProviderOverridesInScope node_modules/@angular/core/fesm2022/testing.mjs:825:29
 ❯ TestBedCompiler.compileTestModule node_modules/@angular/core/fesm2022/testing.mjs:1065:10
            </failure>
        </testcase>
        <testcase classname="src/app/shared/components/checkbox/checkbox-checkmark/checkbox-checkmark.component.spec.ts" name="CheckboxCheckmarkComponent &gt; Input Handling - Checked &gt; should have default checked state as false" time="0.000416458">
            <failure message="Cannot read properties of null (reading &apos;ngModule&apos;)" type="TypeError">
TypeError: Cannot read properties of null (reading &apos;ngModule&apos;)
 ❯ isModuleWithProviders node_modules/@angular/core/fesm2022/_debug_node-chunk.mjs:7242:16
 ❯ expandModuleWithProviders node_modules/@angular/core/fesm2022/_debug_node-chunk.mjs:17743:7
 ❯ Function.get node_modules/@angular/core/fesm2022/_debug_node-chunk.mjs:17458:84
 ❯ getNgModuleDef node_modules/@angular/core/fesm2022/_untracked-chunk.mjs:471:14
 ❯ getNgModuleDefOrThrow node_modules/@angular/core/fesm2022/_untracked-chunk.mjs:474:23
 ❯ verifySemanticsOfNgModuleDef node_modules/@angular/core/fesm2022/_debug_node-chunk.mjs:17531:19
 ❯ Function.get node_modules/@angular/core/fesm2022/_debug_node-chunk.mjs:17495:22
 ❯ TestBedCompiler.applyProviderOverridesInScope node_modules/@angular/core/fesm2022/testing.mjs:825:29
 ❯ TestBedCompiler.compileTestModule node_modules/@angular/core/fesm2022/testing.mjs:1065:10
            </failure>
        </testcase>
        <testcase classname="src/app/shared/components/checkbox/checkbox-checkmark/checkbox-checkmark.component.spec.ts" name="CheckboxCheckmarkComponent &gt; Input Handling - Checked &gt; should handle checked state as true" time="0.000431031">
            <failure message="Cannot read properties of null (reading &apos;ngModule&apos;)" type="TypeError">
TypeError: Cannot read properties of null (reading &apos;ngModule&apos;)
 ❯ isModuleWithProviders node_modules/@angular/core/fesm2022/_debug_node-chunk.mjs:7242:16
 ❯ expandModuleWithProviders node_modules/@angular/core/fesm2022/_debug_node-chunk.mjs:17743:7
 ❯ Function.get node_modules/@angular/core/fesm2022/_debug_node-chunk.mjs:17458:84
 ❯ getNgModuleDef node_modules/@angular/core/fesm2022/_untracked-chunk.mjs:471:14
 ❯ getNgModuleDefOrThrow node_modules/@angular/core/fesm2022/_untracked-chunk.mjs:474:23
 ❯ verifySemanticsOfNgModuleDef node_modules/@angular/core/fesm2022/_debug_node-chunk.mjs:17531:19
 ❯ Function.get node_modules/@angular/core/fesm2022/_debug_node-chunk.mjs:17495:22
 ❯ TestBedCompiler.applyProviderOverridesInScope node_modules/@angular/core/fesm2022/testing.mjs:825:29
 ❯ TestBedCompiler.compileTestModule node_modules/@angular/core/fesm2022/testing.mjs:1065:10
            </failure>
        </testcase>
        <testcase classname="src/app/shared/components/checkbox/checkbox-checkmark/checkbox-checkmark.component.spec.ts" name="CheckboxCheckmarkComponent &gt; Input Handling - Checked &gt; should handle checked state as false" time="0.00065348">
            <failure message="Cannot read properties of null (reading &apos;ngModule&apos;)" type="TypeError">
TypeError: Cannot read properties of null (reading &apos;ngModule&apos;)
 ❯ isModuleWithProviders node_modules/@angular/core/fesm2022/_debug_node-chunk.mjs:7242:16
 ❯ expandModuleWithProviders node_modules/@angular/core/fesm2022/_debug_node-chunk.mjs:17743:7
 ❯ Function.get node_modules/@angular/core/fesm2022/_debug_node-chunk.mjs:17458:84
 ❯ getNgModuleDef node_modules/@angular/core/fesm2022/_untracked-chunk.mjs:471:14
 ❯ getNgModuleDefOrThrow node_modules/@angular/core/fesm2022/_untracked-chunk.mjs:474:23
 ❯ verifySemanticsOfNgModuleDef node_modules/@angular/core/fesm2022/_debug_node-chunk.mjs:17531:19
 ❯ Function.get node_modules/@angular/core/fesm2022/_debug_node-chunk.mjs:17495:22
 ❯ TestBedCompiler.applyProviderOverridesInScope node_modules/@angular/core/fesm2022/testing.mjs:825:29
 ❯ TestBedCompiler.compileTestModule node_modules/@angular/core/fesm2022/testing.mjs:1065:10
            </failure>
        </testcase>
        <testcase classname="src/app/shared/components/checkbox/checkbox-checkmark/checkbox-checkmark.component.spec.ts" name="CheckboxCheckmarkComponent &gt; Input Handling - Indeterminate &gt; should have default indeterminate state as false" time="0.000651596">
            <failure message="Cannot read properties of null (reading &apos;ngModule&apos;)" type="TypeError">
TypeError: Cannot read properties of null (reading &apos;ngModule&apos;)
 ❯ isModuleWithProviders node_modules/@angular/core/fesm2022/_debug_node-chunk.mjs:7242:16
 ❯ expandModuleWithProviders node_modules/@angular/core/fesm2022/_debug_node-chunk.mjs:17743:7
 ❯ Function.get node_modules/@angular/core/fesm2022/_debug_node-chunk.mjs:17458:84
 ❯ getNgModuleDef node_modules/@angular/core/fesm2022/_untracked-chunk.mjs:471:14
 ❯ getNgModuleDefOrThrow node_modules/@angular/core/fesm2022/_untracked-chunk.mjs:474:23
 ❯ verifySemanticsOfNgModuleDef node_modules/@angular/core/fesm2022/_debug_node-chunk.mjs:17531:19
 ❯ Function.get node_modules/@angular/core/fesm2022/_debug_node-chunk.mjs:17495:22
 ❯ TestBedCompiler.applyProviderOverridesInScope node_modules/@angular/core/fesm2022/testing.mjs:825:29
 ❯ TestBedCompiler.compileTestModule node_modules/@angular/core/fesm2022/testing.mjs:1065:10
            </failure>
        </testcase>
        <testcase classname="src/app/shared/components/checkbox/checkbox-checkmark/checkbox-checkmark.component.spec.ts" name="CheckboxCheckmarkComponent &gt; Input Handling - Indeterminate &gt; should handle indeterminate state as true" time="0.000637099">
            <failure message="Cannot read properties of null (reading &apos;ngModule&apos;)" type="TypeError">
TypeError: Cannot read properties of null (reading &apos;ngModule&apos;)
 ❯ isModuleWithProviders node_modules/@angular/core/fesm2022/_debug_node-chunk.mjs:7242:16
 ❯ expandModuleWithProviders node_modules/@angular/core/fesm2022/_debug_node-chunk.mjs:17743:7
 ❯ Function.get node_modules/@angular/core/fesm2022/_debug_node-chunk.mjs:17458:84
 ❯ getNgModuleDef node_modules/@angular/core/fesm2022/_untracked-chunk.mjs:471:14
 ❯ getNgModuleDefOrThrow node_modules/@angular/core/fesm2022/_untracked-chunk.mjs:474:23
 ❯ verifySemanticsOfNgModuleDef node_modules/@angular/core/fesm2022/_debug_node-chunk.mjs:17531:19
 ❯ Function.get node_modules/@angular/core/fesm2022/_debug_node-chunk.mjs:17495:22
 ❯ TestBedCompiler.applyProviderOverridesInScope node_modules/@angular/core/fesm2022/testing.mjs:825:29
 ❯ TestBedCompiler.compileTestModule node_modules/@angular/core/fesm2022/testing.mjs:1065:10
            </failure>
        </testcase>
        <testcase classname="src/app/shared/components/checkbox/checkbox-checkmark/checkbox-checkmark.component.spec.ts" name="CheckboxCheckmarkComponent &gt; Input Handling - Indeterminate &gt; should handle indeterminate state as false" time="0.000632891">
            <failure message="Cannot read properties of null (reading &apos;ngModule&apos;)" type="TypeError">
TypeError: Cannot read properties of null (reading &apos;ngModule&apos;)
 ❯ isModuleWithProviders node_modules/@angular/core/fesm2022/_debug_node-chunk.mjs:7242:16
 ❯ expandModuleWithProviders node_modules/@angular/core/fesm2022/_debug_node-chunk.mjs:17743:7
 ❯ Function.get node_modules/@angular/core/fesm2022/_debug_node-chunk.mjs:17458:84
 ❯ getNgModuleDef node_modules/@angular/core/fesm2022/_untracked-chunk.mjs:471:14
 ❯ getNgModuleDefOrThrow node_modules/@angular/core/fesm2022/_untracked-chunk.mjs:474:23
 ❯ verifySemanticsOfNgModuleDef node_modules/@angular/core/fesm2022/_debug_node-chunk.mjs:17531:19
 ❯ Function.get node_modules/@angular/core/fesm2022/_debug_node-chunk.mjs:17495:22
 ❯ TestBedCompiler.applyProviderOverridesInScope node_modules/@angular/core/fesm2022/testing.mjs:825:29
 ❯ TestBedCompiler.compileTestModule node_modules/@angular/core/fesm2022/testing.mjs:1065:10
            </failure>
        </testcase>
        <testcase classname="src/app/shared/components/checkbox/checkbox-checkmark/checkbox-checkmark.component.spec.ts" name="CheckboxCheckmarkComponent &gt; Computed Values - iconName &gt; should return CHECKBOX_UNCHECKED when neither checked nor indeterminate" time="0.000641049">
            <failure message="Cannot read properties of null (reading &apos;ngModule&apos;)" type="TypeError">
TypeError: Cannot read properties of null (reading &apos;ngModule&apos;)
 ❯ isModuleWithProviders node_modules/@angular/core/fesm2022/_debug_node-chunk.mjs:7242:16
 ❯ expandModuleWithProviders node_modules/@angular/core/fesm2022/_debug_node-chunk.mjs:17743:7
 ❯ Function.get node_modules/@angular/core/fesm2022/_debug_node-chunk.mjs:17458:84
 ❯ getNgModuleDef node_modules/@angular/core/fesm2022/_untracked-chunk.mjs:471:14
 ❯ getNgModuleDefOrThrow node_modules/@angular/core/fesm2022/_untracked-chunk.mjs:474:23
 ❯ verifySemanticsOfNgModuleDef node_modules/@angular/core/fesm2022/_debug_node-chunk.mjs:17531:19
 ❯ Function.get node_modules/@angular/core/fesm2022/_debug_node-chunk.mjs:17495:22
 ❯ TestBedCompiler.applyProviderOverridesInScope node_modules/@angular/core/fesm2022/testing.mjs:825:29
 ❯ TestBedCompiler.compileTestModule node_modules/@angular/core/fesm2022/testing.mjs:1065:10
            </failure>
        </testcase>
        <testcase classname="src/app/shared/components/checkbox/checkbox-checkmark/checkbox-checkmark.component.spec.ts" name="CheckboxCheckmarkComponent &gt; Computed Values - iconName &gt; should return CHECKBOX_CHECKED when checked" time="0.000654606">
            <failure message="Cannot read properties of null (reading &apos;ngModule&apos;)" type="TypeError">
TypeError: Cannot read properties of null (reading &apos;ngModule&apos;)
 ❯ isModuleWithProviders node_modules/@angular/core/fesm2022/_debug_node-chunk.mjs:7242:16
 ❯ expandModuleWithProviders node_modules/@angular/core/fesm2022/_debug_node-chunk.mjs:17743:7
 ❯ Function.get node_modules/@angular/core/fesm2022/_debug_node-chunk.mjs:17458:84
 ❯ getNgModuleDef node_modules/@angular/core/fesm2022/_untracked-chunk.mjs:471:14
 ❯ getNgModuleDefOrThrow node_modules/@angular/core/fesm2022/_untracked-chunk.mjs:474:23
 ❯ verifySemanticsOfNgModuleDef node_modules/@angular/core/fesm2022/_debug_node-chunk.mjs:17531:19
 ❯ Function.get node_modules/@angular/core/fesm2022/_debug_node-chunk.mjs:17495:22
 ❯ TestBedCompiler.applyProviderOverridesInScope node_modules/@angular/core/fesm2022/testing.mjs:825:29
 ❯ TestBedCompiler.compileTestModule node_modules/@angular/core/fesm2022/testing.mjs:1065:10
            </failure>
        </testcase>
        <testcase classname="src/app/shared/components/checkbox/checkbox-checkmark/checkbox-checkmark.component.spec.ts" name="CheckboxCheckmarkComponent &gt; Computed Values - iconName &gt; should return CHECKBOX_INDETERMINATE when indeterminate" time="0.000749927">
            <failure message="Cannot read properties of null (reading &apos;ngModule&apos;)" type="TypeError">
TypeError: Cannot read properties of null (reading &apos;ngModule&apos;)
 ❯ isModuleWithProviders node_modules/@angular/core/fesm2022/_debug_node-chunk.mjs:7242:16
 ❯ expandModuleWithProviders node_modules/@angular/core/fesm2022/_debug_node-chunk.mjs:17743:7
 ❯ Function.get node_modules/@angular/core/fesm2022/_debug_node-chunk.mjs:17458:84
 ❯ getNgModuleDef node_modules/@angular/core/fesm2022/_untracked-chunk.mjs:471:14
 ❯ getNgModuleDefOrThrow node_modules/@angular/core/fesm2022/_untracked-chunk.mjs:474:23
 ❯ verifySemanticsOfNgModuleDef node_modules/@angular/core/fesm2022/_debug_node-chunk.mjs:17531:19
 ❯ Function.get node_modules/@angular/core/fesm2022/_debug_node-chunk.mjs:17495:22
 ❯ TestBedCompiler.applyProviderOverridesInScope node_modules/@angular/core/fesm2022/testing.mjs:825:29
 ❯ TestBedCompiler.compileTestModule node_modules/@angular/core/fesm2022/testing.mjs:1065:10
            </failure>
        </testcase>
        <testcase classname="src/app/shared/components/checkbox/checkbox-checkmark/checkbox-checkmark.component.spec.ts" name="CheckboxCheckmarkComponent &gt; Computed Values - iconName &gt; should return CHECKBOX_INDETERMINATE when both checked and indeterminate (indeterminate takes precedence)" time="0.000702621">
            <failure message="Cannot read properties of null (reading &apos;ngModule&apos;)" type="TypeError">
TypeError: Cannot read properties of null (reading &apos;ngModule&apos;)
 ❯ isModuleWithProviders node_modules/@angular/core/fesm2022/_debug_node-chunk.mjs:7242:16
 ❯ expandModuleWithProviders node_modules/@angular/core/fesm2022/_debug_node-chunk.mjs:17743:7
 ❯ Function.get node_modules/@angular/core/fesm2022/_debug_node-chunk.mjs:17458:84
 ❯ getNgModuleDef node_modules/@angular/core/fesm2022/_untracked-chunk.mjs:471:14
 ❯ getNgModuleDefOrThrow node_modules/@angular/core/fesm2022/_untracked-chunk.mjs:474:23
 ❯ verifySemanticsOfNgModuleDef node_modules/@angular/core/fesm2022/_debug_node-chunk.mjs:17531:19
 ❯ Function.get node_modules/@angular/core/fesm2022/_debug_node-chunk.mjs:17495:22
 ❯ TestBedCompiler.applyProviderOverridesInScope node_modules/@angular/core/fesm2022/testing.mjs:825:29
 ❯ TestBedCompiler.compileTestModule node_modules/@angular/core/fesm2022/testing.mjs:1065:10
            </failure>
        </testcase>
        <testcase classname="src/app/shared/components/checkbox/checkbox-checkmark/checkbox-checkmark.component.spec.ts" name="CheckboxCheckmarkComponent &gt; Template Rendering - Wrapper &gt; should render checkbox-checkmark wrapper" time="0.000751392">
            <failure message="Cannot read properties of null (reading &apos;ngModule&apos;)" type="TypeError">
TypeError: Cannot read properties of null (reading &apos;ngModule&apos;)
 ❯ isModuleWithProviders node_modules/@angular/core/fesm2022/_debug_node-chunk.mjs:7242:16
 ❯ expandModuleWithProviders node_modules/@angular/core/fesm2022/_debug_node-chunk.mjs:17743:7
 ❯ Function.get node_modules/@angular/core/fesm2022/_debug_node-chunk.mjs:17458:84
 ❯ getNgModuleDef node_modules/@angular/core/fesm2022/_untracked-chunk.mjs:471:14
 ❯ getNgModuleDefOrThrow node_modules/@angular/core/fesm2022/_untracked-chunk.mjs:474:23
 ❯ verifySemanticsOfNgModuleDef node_modules/@angular/core/fesm2022/_debug_node-chunk.mjs:17531:19
 ❯ Function.get node_modules/@angular/core/fesm2022/_debug_node-chunk.mjs:17495:22
 ❯ TestBedCompiler.applyProviderOverridesInScope node_modules/@angular/core/fesm2022/testing.mjs:825:29
 ❯ TestBedCompiler.compileTestModule node_modules/@angular/core/fesm2022/testing.mjs:1065:10
            </failure>
        </testcase>
        <testcase classname="src/app/shared/components/checkbox/checkbox-checkmark/checkbox-checkmark.component.spec.ts" name="CheckboxCheckmarkComponent &gt; Template Rendering - Wrapper &gt; should have aria-hidden=&quot;true&quot; on wrapper" time="0.000747357">
            <failure message="Cannot read properties of null (reading &apos;ngModule&apos;)" type="TypeError">
TypeError: Cannot read properties of null (reading &apos;ngModule&apos;)
 ❯ isModuleWithProviders node_modules/@angular/core/fesm2022/_debug_node-chunk.mjs:7242:16
 ❯ expandModuleWithProviders node_modules/@angular/core/fesm2022/_debug_node-chunk.mjs:17743:7
 ❯ Function.get node_modules/@angular/core/fesm2022/_debug_node-chunk.mjs:17458:84
 ❯ getNgModuleDef node_modules/@angular/core/fesm2022/_untracked-chunk.mjs:471:14
 ❯ getNgModuleDefOrThrow node_modules/@angular/core/fesm2022/_untracked-chunk.mjs:474:23
 ❯ verifySemanticsOfNgModuleDef node_modules/@angular/core/fesm2022/_debug_node-chunk.mjs:17531:19
 ❯ Function.get node_modules/@angular/core/fesm2022/_debug_node-chunk.mjs:17495:22
 ❯ TestBedCompiler.applyProviderOverridesInScope node_modules/@angular/core/fesm2022/testing.mjs:825:29
 ❯ TestBedCompiler.compileTestModule node_modules/@angular/core/fesm2022/testing.mjs:1065:10
            </failure>
        </testcase>
        <testcase classname="src/app/shared/components/checkbox/checkbox-checkmark/checkbox-checkmark.component.spec.ts" name="CheckboxCheckmarkComponent &gt; Template Rendering - Icon &gt; should always render an icon (unchecked state)" time="0.000475333">
            <failure message="Cannot read properties of null (reading &apos;ngModule&apos;)" type="TypeError">
TypeError: Cannot read properties of null (reading &apos;ngModule&apos;)
 ❯ isModuleWithProviders node_modules/@angular/core/fesm2022/_debug_node-chunk.mjs:7242:16
 ❯ expandModuleWithProviders node_modules/@angular/core/fesm2022/_debug_node-chunk.mjs:17743:7
 ❯ Function.get node_modules/@angular/core/fesm2022/_debug_node-chunk.mjs:17458:84
 ❯ getNgModuleDef node_modules/@angular/core/fesm2022/_untracked-chunk.mjs:471:14
 ❯ getNgModuleDefOrThrow node_modules/@angular/core/fesm2022/_untracked-chunk.mjs:474:23
 ❯ verifySemanticsOfNgModuleDef node_modules/@angular/core/fesm2022/_debug_node-chunk.mjs:17531:19
 ❯ Function.get node_modules/@angular/core/fesm2022/_debug_node-chunk.mjs:17495:22
 ❯ TestBedCompiler.applyProviderOverridesInScope node_modules/@angular/core/fesm2022/testing.mjs:825:29
 ❯ TestBedCompiler.compileTestModule node_modules/@angular/core/fesm2022/testing.mjs:1065:10
            </failure>
        </testcase>
        <testcase classname="src/app/shared/components/checkbox/checkbox-checkmark/checkbox-checkmark.component.spec.ts" name="CheckboxCheckmarkComponent &gt; Template Rendering - Icon &gt; should render icon when checked" time="0.00037231">
            <failure message="Cannot read properties of null (reading &apos;ngModule&apos;)" type="TypeError">
TypeError: Cannot read properties of null (reading &apos;ngModule&apos;)
 ❯ isModuleWithProviders node_modules/@angular/core/fesm2022/_debug_node-chunk.mjs:7242:16
 ❯ expandModuleWithProviders node_modules/@angular/core/fesm2022/_debug_node-chunk.mjs:17743:7
 ❯ Function.get node_modules/@angular/core/fesm2022/_debug_node-chunk.mjs:17458:84
 ❯ getNgModuleDef node_modules/@angular/core/fesm2022/_untracked-chunk.mjs:471:14
 ❯ getNgModuleDefOrThrow node_modules/@angular/core/fesm2022/_untracked-chunk.mjs:474:23
 ❯ verifySemanticsOfNgModuleDef node_modules/@angular/core/fesm2022/_debug_node-chunk.mjs:17531:19
 ❯ Function.get node_modules/@angular/core/fesm2022/_debug_node-chunk.mjs:17495:22
 ❯ TestBedCompiler.applyProviderOverridesInScope node_modules/@angular/core/fesm2022/testing.mjs:825:29
 ❯ TestBedCompiler.compileTestModule node_modules/@angular/core/fesm2022/testing.mjs:1065:10
            </failure>
        </testcase>
        <testcase classname="src/app/shared/components/checkbox/checkbox-checkmark/checkbox-checkmark.component.spec.ts" name="CheckboxCheckmarkComponent &gt; Template Rendering - Icon &gt; should render icon when indeterminate" time="0.00036066">
            <failure message="Cannot read properties of null (reading &apos;ngModule&apos;)" type="TypeError">
TypeError: Cannot read properties of null (reading &apos;ngModule&apos;)
 ❯ isModuleWithProviders node_modules/@angular/core/fesm2022/_debug_node-chunk.mjs:7242:16
 ❯ expandModuleWithProviders node_modules/@angular/core/fesm2022/_debug_node-chunk.mjs:17743:7
 ❯ Function.get node_modules/@angular/core/fesm2022/_debug_node-chunk.mjs:17458:84
 ❯ getNgModuleDef node_modules/@angular/core/fesm2022/_untracked-chunk.mjs:471:14
 ❯ getNgModuleDefOrThrow node_modules/@angular/core/fesm2022/_untracked-chunk.mjs:474:23
 ❯ verifySemanticsOfNgModuleDef node_modules/@angular/core/fesm2022/_debug_node-chunk.mjs:17531:19
 ❯ Function.get node_modules/@angular/core/fesm2022/_debug_node-chunk.mjs:17495:22
 ❯ TestBedCompiler.applyProviderOverridesInScope node_modules/@angular/core/fesm2022/testing.mjs:825:29
 ❯ TestBedCompiler.compileTestModule node_modules/@angular/core/fesm2022/testing.mjs:1065:10
            </failure>
        </testcase>
        <testcase classname="src/app/shared/components/checkbox/checkbox-checkmark/checkbox-checkmark.component.spec.ts" name="CheckboxCheckmarkComponent &gt; Template Rendering - Icon &gt; should render icon when both checked and indeterminate" time="0.00038525">
            <failure message="Cannot read properties of null (reading &apos;ngModule&apos;)" type="TypeError">
TypeError: Cannot read properties of null (reading &apos;ngModule&apos;)
 ❯ isModuleWithProviders node_modules/@angular/core/fesm2022/_debug_node-chunk.mjs:7242:16
 ❯ expandModuleWithProviders node_modules/@angular/core/fesm2022/_debug_node-chunk.mjs:17743:7
 ❯ Function.get node_modules/@angular/core/fesm2022/_debug_node-chunk.mjs:17458:84
 ❯ getNgModuleDef node_modules/@angular/core/fesm2022/_untracked-chunk.mjs:471:14
 ❯ getNgModuleDefOrThrow node_modules/@angular/core/fesm2022/_untracked-chunk.mjs:474:23
 ❯ verifySemanticsOfNgModuleDef node_modules/@angular/core/fesm2022/_debug_node-chunk.mjs:17531:19
 ❯ Function.get node_modules/@angular/core/fesm2022/_debug_node-chunk.mjs:17495:22
 ❯ TestBedCompiler.applyProviderOverridesInScope node_modules/@angular/core/fesm2022/testing.mjs:825:29
 ❯ TestBedCompiler.compileTestModule node_modules/@angular/core/fesm2022/testing.mjs:1065:10
            </failure>
        </testcase>
        <testcase classname="src/app/shared/components/checkbox/checkbox-checkmark/checkbox-checkmark.component.spec.ts" name="CheckboxCheckmarkComponent &gt; Icon Properties &gt; should render icon with correct name when unchecked" time="0.00038296">
            <failure message="Cannot read properties of null (reading &apos;ngModule&apos;)" type="TypeError">
TypeError: Cannot read properties of null (reading &apos;ngModule&apos;)
 ❯ isModuleWithProviders node_modules/@angular/core/fesm2022/_debug_node-chunk.mjs:7242:16
 ❯ expandModuleWithProviders node_modules/@angular/core/fesm2022/_debug_node-chunk.mjs:17743:7
 ❯ Function.get node_modules/@angular/core/fesm2022/_debug_node-chunk.mjs:17458:84
 ❯ getNgModuleDef node_modules/@angular/core/fesm2022/_untracked-chunk.mjs:471:14
 ❯ getNgModuleDefOrThrow node_modules/@angular/core/fesm2022/_untracked-chunk.mjs:474:23
 ❯ verifySemanticsOfNgModuleDef node_modules/@angular/core/fesm2022/_debug_node-chunk.mjs:17531:19
 ❯ Function.get node_modules/@angular/core/fesm2022/_debug_node-chunk.mjs:17495:22
 ❯ TestBedCompiler.applyProviderOverridesInScope node_modules/@angular/core/fesm2022/testing.mjs:825:29
 ❯ TestBedCompiler.compileTestModule node_modules/@angular/core/fesm2022/testing.mjs:1065:10
            </failure>
        </testcase>
        <testcase classname="src/app/shared/components/checkbox/checkbox-checkmark/checkbox-checkmark.component.spec.ts" name="CheckboxCheckmarkComponent &gt; Icon Properties &gt; should render icon with correct name when checked" time="0.000386359">
            <failure message="Cannot read properties of null (reading &apos;ngModule&apos;)" type="TypeError">
TypeError: Cannot read properties of null (reading &apos;ngModule&apos;)
 ❯ isModuleWithProviders node_modules/@angular/core/fesm2022/_debug_node-chunk.mjs:7242:16
 ❯ expandModuleWithProviders node_modules/@angular/core/fesm2022/_debug_node-chunk.mjs:17743:7
 ❯ Function.get node_modules/@angular/core/fesm2022/_debug_node-chunk.mjs:17458:84
 ❯ getNgModuleDef node_modules/@angular/core/fesm2022/_untracked-chunk.mjs:471:14
 ❯ getNgModuleDefOrThrow node_modules/@angular/core/fesm2022/_untracked-chunk.mjs:474:23
 ❯ verifySemanticsOfNgModuleDef node_modules/@angular/core/fesm2022/_debug_node-chunk.mjs:17531:19
 ❯ Function.get node_modules/@angular/core/fesm2022/_debug_node-chunk.mjs:17495:22
 ❯ TestBedCompiler.applyProviderOverridesInScope node_modules/@angular/core/fesm2022/testing.mjs:825:29
 ❯ TestBedCompiler.compileTestModule node_modules/@angular/core/fesm2022/testing.mjs:1065:10
            </failure>
        </testcase>
        <testcase classname="src/app/shared/components/checkbox/checkbox-checkmark/checkbox-checkmark.component.spec.ts" name="CheckboxCheckmarkComponent &gt; Icon Properties &gt; should render icon with correct name when indeterminate" time="0.000343868">
            <failure message="Cannot read properties of null (reading &apos;ngModule&apos;)" type="TypeError">
TypeError: Cannot read properties of null (reading &apos;ngModule&apos;)
 ❯ isModuleWithProviders node_modules/@angular/core/fesm2022/_debug_node-chunk.mjs:7242:16
 ❯ expandModuleWithProviders node_modules/@angular/core/fesm2022/_debug_node-chunk.mjs:17743:7
 ❯ Function.get node_modules/@angular/core/fesm2022/_debug_node-chunk.mjs:17458:84
 ❯ getNgModuleDef node_modules/@angular/core/fesm2022/_untracked-chunk.mjs:471:14
 ❯ getNgModuleDefOrThrow node_modules/@angular/core/fesm2022/_untracked-chunk.mjs:474:23
 ❯ verifySemanticsOfNgModuleDef node_modules/@angular/core/fesm2022/_debug_node-chunk.mjs:17531:19
 ❯ Function.get node_modules/@angular/core/fesm2022/_debug_node-chunk.mjs:17495:22
 ❯ TestBedCompiler.applyProviderOverridesInScope node_modules/@angular/core/fesm2022/testing.mjs:825:29
 ❯ TestBedCompiler.compileTestModule node_modules/@angular/core/fesm2022/testing.mjs:1065:10
            </failure>
        </testcase>
        <testcase classname="src/app/shared/components/checkbox/checkbox-checkmark/checkbox-checkmark.component.spec.ts" name="CheckboxCheckmarkComponent &gt; Icon Properties &gt; should apply checkbox-icon class to icon" time="0.000408542">
            <failure message="Cannot read properties of null (reading &apos;ngModule&apos;)" type="TypeError">
TypeError: Cannot read properties of null (reading &apos;ngModule&apos;)
 ❯ isModuleWithProviders node_modules/@angular/core/fesm2022/_debug_node-chunk.mjs:7242:16
 ❯ expandModuleWithProviders node_modules/@angular/core/fesm2022/_debug_node-chunk.mjs:17743:7
 ❯ Function.get node_modules/@angular/core/fesm2022/_debug_node-chunk.mjs:17458:84
 ❯ getNgModuleDef node_modules/@angular/core/fesm2022/_untracked-chunk.mjs:471:14
 ❯ getNgModuleDefOrThrow node_modules/@angular/core/fesm2022/_untracked-chunk.mjs:474:23
 ❯ verifySemanticsOfNgModuleDef node_modules/@angular/core/fesm2022/_debug_node-chunk.mjs:17531:19
 ❯ Function.get node_modules/@angular/core/fesm2022/_debug_node-chunk.mjs:17495:22
 ❯ TestBedCompiler.applyProviderOverridesInScope node_modules/@angular/core/fesm2022/testing.mjs:825:29
 ❯ TestBedCompiler.compileTestModule node_modules/@angular/core/fesm2022/testing.mjs:1065:10
            </failure>
        </testcase>
        <testcase classname="src/app/shared/components/checkbox/checkbox-checkmark/checkbox-checkmark.component.spec.ts" name="CheckboxCheckmarkComponent &gt; State Transitions &gt; should transition from unchecked to checked" time="0.000455266">
            <failure message="Cannot read properties of null (reading &apos;ngModule&apos;)" type="TypeError">
TypeError: Cannot read properties of null (reading &apos;ngModule&apos;)
 ❯ isModuleWithProviders node_modules/@angular/core/fesm2022/_debug_node-chunk.mjs:7242:16
 ❯ expandModuleWithProviders node_modules/@angular/core/fesm2022/_debug_node-chunk.mjs:17743:7
 ❯ Function.get node_modules/@angular/core/fesm2022/_debug_node-chunk.mjs:17458:84
 ❯ getNgModuleDef node_modules/@angular/core/fesm2022/_untracked-chunk.mjs:471:14
 ❯ getNgModuleDefOrThrow node_modules/@angular/core/fesm2022/_untracked-chunk.mjs:474:23
 ❯ verifySemanticsOfNgModuleDef node_modules/@angular/core/fesm2022/_debug_node-chunk.mjs:17531:19
 ❯ Function.get node_modules/@angular/core/fesm2022/_debug_node-chunk.mjs:17495:22
 ❯ TestBedCompiler.applyProviderOverridesInScope node_modules/@angular/core/fesm2022/testing.mjs:825:29
 ❯ TestBedCompiler.compileTestModule node_modules/@angular/core/fesm2022/testing.mjs:1065:10
            </failure>
        </testcase>
        <testcase classname="src/app/shared/components/checkbox/checkbox-checkmark/checkbox-checkmark.component.spec.ts" name="CheckboxCheckmarkComponent &gt; State Transitions &gt; should transition from checked to indeterminate" time="0.000360853">
            <failure message="Cannot read properties of null (reading &apos;ngModule&apos;)" type="TypeError">
TypeError: Cannot read properties of null (reading &apos;ngModule&apos;)
 ❯ isModuleWithProviders node_modules/@angular/core/fesm2022/_debug_node-chunk.mjs:7242:16
 ❯ expandModuleWithProviders node_modules/@angular/core/fesm2022/_debug_node-chunk.mjs:17743:7
 ❯ Function.get node_modules/@angular/core/fesm2022/_debug_node-chunk.mjs:17458:84
 ❯ getNgModuleDef node_modules/@angular/core/fesm2022/_untracked-chunk.mjs:471:14
 ❯ getNgModuleDefOrThrow node_modules/@angular/core/fesm2022/_untracked-chunk.mjs:474:23
 ❯ verifySemanticsOfNgModuleDef node_modules/@angular/core/fesm2022/_debug_node-chunk.mjs:17531:19
 ❯ Function.get node_modules/@angular/core/fesm2022/_debug_node-chunk.mjs:17495:22
 ❯ TestBedCompiler.applyProviderOverridesInScope node_modules/@angular/core/fesm2022/testing.mjs:825:29
 ❯ TestBedCompiler.compileTestModule node_modules/@angular/core/fesm2022/testing.mjs:1065:10
            </failure>
        </testcase>
        <testcase classname="src/app/shared/components/checkbox/checkbox-checkmark/checkbox-checkmark.component.spec.ts" name="CheckboxCheckmarkComponent &gt; State Transitions &gt; should transition from indeterminate to unchecked" time="0.000416542">
            <failure message="Cannot read properties of null (reading &apos;ngModule&apos;)" type="TypeError">
TypeError: Cannot read properties of null (reading &apos;ngModule&apos;)
 ❯ isModuleWithProviders node_modules/@angular/core/fesm2022/_debug_node-chunk.mjs:7242:16
 ❯ expandModuleWithProviders node_modules/@angular/core/fesm2022/_debug_node-chunk.mjs:17743:7
 ❯ Function.get node_modules/@angular/core/fesm2022/_debug_node-chunk.mjs:17458:84
 ❯ getNgModuleDef node_modules/@angular/core/fesm2022/_untracked-chunk.mjs:471:14
 ❯ getNgModuleDefOrThrow node_modules/@angular/core/fesm2022/_untracked-chunk.mjs:474:23
 ❯ verifySemanticsOfNgModuleDef node_modules/@angular/core/fesm2022/_debug_node-chunk.mjs:17531:19
 ❯ Function.get node_modules/@angular/core/fesm2022/_debug_node-chunk.mjs:17495:22
 ❯ TestBedCompiler.applyProviderOverridesInScope node_modules/@angular/core/fesm2022/testing.mjs:825:29
 ❯ TestBedCompiler.compileTestModule node_modules/@angular/core/fesm2022/testing.mjs:1065:10
            </failure>
        </testcase>
        <testcase classname="src/app/shared/components/checkbox/checkbox-checkmark/checkbox-checkmark.component.spec.ts" name="CheckboxCheckmarkComponent &gt; CSS Classes &gt; should apply checkbox-checkmark class to wrapper" time="0.000354557">
            <failure message="Cannot read properties of null (reading &apos;ngModule&apos;)" type="TypeError">
TypeError: Cannot read properties of null (reading &apos;ngModule&apos;)
 ❯ isModuleWithProviders node_modules/@angular/core/fesm2022/_debug_node-chunk.mjs:7242:16
 ❯ expandModuleWithProviders node_modules/@angular/core/fesm2022/_debug_node-chunk.mjs:17743:7
 ❯ Function.get node_modules/@angular/core/fesm2022/_debug_node-chunk.mjs:17458:84
 ❯ getNgModuleDef node_modules/@angular/core/fesm2022/_untracked-chunk.mjs:471:14
 ❯ getNgModuleDefOrThrow node_modules/@angular/core/fesm2022/_untracked-chunk.mjs:474:23
 ❯ verifySemanticsOfNgModuleDef node_modules/@angular/core/fesm2022/_debug_node-chunk.mjs:17531:19
 ❯ Function.get node_modules/@angular/core/fesm2022/_debug_node-chunk.mjs:17495:22
 ❯ TestBedCompiler.applyProviderOverridesInScope node_modules/@angular/core/fesm2022/testing.mjs:825:29
 ❯ TestBedCompiler.compileTestModule node_modules/@angular/core/fesm2022/testing.mjs:1065:10
            </failure>
        </testcase>
        <testcase classname="src/app/shared/components/checkbox/checkbox-checkmark/checkbox-checkmark.component.spec.ts" name="CheckboxCheckmarkComponent &gt; CSS Classes &gt; should apply checkbox-icon class to icon" time="0.000460939">
            <failure message="Cannot read properties of null (reading &apos;ngModule&apos;)" type="TypeError">
TypeError: Cannot read properties of null (reading &apos;ngModule&apos;)
 ❯ isModuleWithProviders node_modules/@angular/core/fesm2022/_debug_node-chunk.mjs:7242:16
 ❯ expandModuleWithProviders node_modules/@angular/core/fesm2022/_debug_node-chunk.mjs:17743:7
 ❯ Function.get node_modules/@angular/core/fesm2022/_debug_node-chunk.mjs:17458:84
 ❯ getNgModuleDef node_modules/@angular/core/fesm2022/_untracked-chunk.mjs:471:14
 ❯ getNgModuleDefOrThrow node_modules/@angular/core/fesm2022/_untracked-chunk.mjs:474:23
 ❯ verifySemanticsOfNgModuleDef node_modules/@angular/core/fesm2022/_debug_node-chunk.mjs:17531:19
 ❯ Function.get node_modules/@angular/core/fesm2022/_debug_node-chunk.mjs:17495:22
 ❯ TestBedCompiler.applyProviderOverridesInScope node_modules/@angular/core/fesm2022/testing.mjs:825:29
 ❯ TestBedCompiler.compileTestModule node_modules/@angular/core/fesm2022/testing.mjs:1065:10
            </failure>
        </testcase>
    </testsuite>
</testsuites>
